[    2737ms] [WARNING] GoTrueClient@supabase.dashboard.auth.token:0 (2.112.4) 2026-08-27T18:54:23.957Z The "lock" option is deprecated and will be removed in v3. The client now coordinates session refreshes without a lock, so most apps can drop the option. See https://github.com/supabase/supabase-js/blob/master/packages/core/auth-js/migrations/lockless-coordination.md @ https://frontend-assets.supabase.com/studio/172a14fe34d6/_next/static/chunks/10xjox3nlz0w_.js?dpl=dpl_3NgvGBHmu9HVf93fW5UqWtxPa3ax:1
[    3015ms] [WARNING] [Warning] Please install/enable Redux devtools extension @ https://frontend-assets.supabase.com/studio/172a14fe34d6/_next/static/chunks/3xuy7v5w09aat.js?dpl=dpl_3NgvGBHmu9HVf93fW5UqWtxPa3ax:5
[    4002ms] [WARNING] ConfigCat - WARN - [3003] Cannot evaluate condition (User.plan IS ONE OF ['pro', 'team', 'enterprise']) for setting 'observabilityOverview' (the User.plan attribute is missing). You should set the User.plan attribute in order to make targeting work properly. Read more: https://configcat.com/docs/advanced/user-object/ @ https://frontend-assets.supabase.com/studio/172a14fe34d6/_next/static/chunks/3xuy7v5w09aat.js?dpl=dpl_3NgvGBHmu9HVf93fW5UqWtxPa3ax:5
[    4002ms] [WARNING] ConfigCat - WARN - [3003] Cannot evaluate condition (User.Email IS ONE OF [<1 hashed value>]) for setting 'scopedPAT' (the User.Email attribute is missing). You should set the User.Email attribute in order to make targeting work properly. Read more: https://configcat.com/docs/advanced/user-object/ @ https://frontend-assets.supabase.com/studio/172a14fe34d6/_next/static/chunks/3xuy7v5w09aat.js?dpl=dpl_3NgvGBHmu9HVf93fW5UqWtxPa3ax:5
[    4002ms] [WARNING] ConfigCat - WARN - [3003] Cannot evaluate condition (User.Email IS ONE OF [<1 hashed value>]) for setting 'scopedPAT' (the User.Email attribute is missing). You should set the User.Email attribute in order to make targeting work properly. Read more: https://configcat.com/docs/advanced/user-object/ @ https://frontend-assets.supabase.com/studio/172a14fe34d6/_next/static/chunks/3xuy7v5w09aat.js?dpl=dpl_3NgvGBHmu9HVf93fW5UqWtxPa3ax:5
[    4002ms] [WARNING] ConfigCat - WARN - [3003] Cannot evaluate condition (User.Email IS ONE OF [<1 hashed value>]) for setting 'scopedPAT' (the User.Email attribute is missing). You should set the User.Email attribute in order to make targeting work properly. Read more: https://configcat.com/docs/advanced/user-object/ @ https://frontend-assets.supabase.com/studio/172a14fe34d6/_next/static/chunks/3xuy7v5w09aat.js?dpl=dpl_3NgvGBHmu9HVf93fW5UqWtxPa3ax:5
[    4002ms] [WARNING] ConfigCat - WARN - [3003] Cannot evaluate condition (User.Email IS ONE OF [<1 hashed value>]) for setting 'scopedPAT' (the User.Email attribute is missing). You should set the User.Email attribute in order to make targeting work properly. Read more: https://configcat.com/docs/advanced/user-object/ @ https://frontend-assets.supabase.com/studio/172a14fe34d6/_next/static/chunks/3xuy7v5w09aat.js?dpl=dpl_3NgvGBHmu9HVf93fW5UqWtxPa3ax:5
[    4027ms] [ERROR] Failed to load resource: the server responded with a status of 401 () @ https://api.supabase.com/platform/integrations/github/authorization:0
[    4032ms] [ERROR] Failed to load resource: the server responded with a status of 401 () @ https://api.supabase.com/platform/projects-resource-warnings?ref=ekmxmgshowdaxoewyjut:0
[    4034ms] [ERROR] Failed to load resource: the server responded with a status of 401 () @ https://api.supabase.com/platform/projects/ekmxmgshowdaxoewyjut:0
[    4310ms] [ERROR] Failed to load resource: the server responded with a status of 401 () @ https://api.supabase.com/platform/projects/ekmxmgshowdaxoewyjut:0
[    4318ms] [ERROR] Failed to load resource: the server responded with a status of 401 () @ https://api.supabase.com/v1/projects/ekmxmgshowdaxoewyjut/network-bans/retrieve:0
[    4318ms] [ERROR] Failed to load resource: the server responded with a status of 401 () @ https://api.supabase.com/platform/projects-resource-warnings?ref=ekmxmgshowdaxoewyjut:0
[    4319ms] [ERROR] Failed to load resource: the server responded with a status of 401 () @ https://api.supabase.com/platform/notifications?offset=0&limit=20&status=new%2Cseen:0
[    4319ms] [ERROR] Failed to load resource: the server responded with a status of 401 () @ https://api.supabase.com/platform/projects/ekmxmgshowdaxoewyjut/settings:0
[    4319ms] [ERROR] Failed to load resource: the server responded with a status of 401 () @ https://api.supabase.com/platform/projects/ekmxmgshowdaxoewyjut/billing/addons:0
[    4319ms] [ERROR] Failed to load resource: the server responded with a status of 401 () @ https://api.supabase.com/platform/projects/ekmxmgshowdaxoewyjut/databases:0
[    4339ms] [LOG] Supabase Studio is running commit 172a14fe34d623e2ddaad6156b1251b0990159e8 deployed at unknown time. @ https://frontend-assets.supabase.com/studio/172a14fe34d6/_next/static/chunks/3xuy7v5w09aat.js?dpl=dpl_3NgvGBHmu9HVf93fW5UqWtxPa3ax:5
[    4341ms] [ERROR] Failed to load resource: the server responded with a status of 401 () @ https://api.supabase.com/v1/projects/ekmxmgshowdaxoewyjut/jit-access:0
[    4535ms] [ERROR] Failed to load resource: the server responded with a status of 401 () @ https://api.supabase.com/v1/projects/ekmxmgshowdaxoewyjut/config/database/postgres:0
[    4553ms] [ERROR] Failed to load resource: the server responded with a status of 401 () @ https://api.supabase.com/platform/projects/ekmxmgshowdaxoewyjut:0
[    4770ms] [ERROR] Failed to load resource: the server responded with a status of 401 () @ https://api.supabase.com/platform/projects/ekmxmgshowdaxoewyjut/config/supavisor:0
[    4771ms] [ERROR] Failed to load resource: the server responded with a status of 401 () @ https://api.supabase.com/platform/projects/ekmxmgshowdaxoewyjut/config/pgbouncer:0
[    4780ms] [ERROR] Failed to load resource: the server responded with a status of 401 () @ https://api.supabase.com/v1/projects/ekmxmgshowdaxoewyjut/ssl-enforcement:0
[    5010ms] [ERROR] Failed to load resource: the server responded with a status of 401 () @ https://api.supabase.com/platform/projects/ekmxmgshowdaxoewyjut:0
[    5199ms] [WARNING] ConfigCat - WARN - [3003] Cannot evaluate condition (User.plan IS ONE OF ['pro', 'team', 'enterprise']) for setting 'observabilityOverview' (the User.plan attribute is missing). You should set the User.plan attribute in order to make targeting work properly. Read more: https://configcat.com/docs/advanced/user-object/ @ https://frontend-assets.supabase.com/studio/172a14fe34d6/_next/static/chunks/3xuy7v5w09aat.js?dpl=dpl_3NgvGBHmu9HVf93fW5UqWtxPa3ax:5
[    5200ms] [WARNING] ConfigCat - WARN - [3003] Cannot evaluate condition (User.Email IS ONE OF [<1 hashed value>]) for setting 'scopedPAT' (the User.Email attribute is missing). You should set the User.Email attribute in order to make targeting work properly. Read more: https://configcat.com/docs/advanced/user-object/ @ https://frontend-assets.supabase.com/studio/172a14fe34d6/_next/static/chunks/3xuy7v5w09aat.js?dpl=dpl_3NgvGBHmu9HVf93fW5UqWtxPa3ax:5
[    5200ms] [WARNING] ConfigCat - WARN - [3003] Cannot evaluate condition (User.Email IS ONE OF [<1 hashed value>]) for setting 'scopedPAT' (the User.Email attribute is missing). You should set the User.Email attribute in order to make targeting work properly. Read more: https://configcat.com/docs/advanced/user-object/ @ https://frontend-assets.supabase.com/studio/172a14fe34d6/_next/static/chunks/3xuy7v5w09aat.js?dpl=dpl_3NgvGBHmu9HVf93fW5UqWtxPa3ax:5
[    5200ms] [WARNING] ConfigCat - WARN - [3003] Cannot evaluate condition (User.Email IS ONE OF [<1 hashed value>]) for setting 'scopedPAT' (the User.Email attribute is missing). You should set the User.Email attribute in order to make targeting work properly. Read more: https://configcat.com/docs/advanced/user-object/ @ https://frontend-assets.supabase.com/studio/172a14fe34d6/_next/static/chunks/3xuy7v5w09aat.js?dpl=dpl_3NgvGBHmu9HVf93fW5UqWtxPa3ax:5
[    5200ms] [WARNING] ConfigCat - WARN - [3003] Cannot evaluate condition (User.Email IS ONE OF [<1 hashed value>]) for setting 'scopedPAT' (the User.Email attribute is missing). You should set the User.Email attribute in order to make targeting work properly. Read more: https://configcat.com/docs/advanced/user-object/ @ https://frontend-assets.supabase.com/studio/172a14fe34d6/_next/static/chunks/3xuy7v5w09aat.js?dpl=dpl_3NgvGBHmu9HVf93fW5UqWtxPa3ax:5
